node.exe : ÔÜá `images.domains` is deprecated in favor of `images.remotePatterns`. Please update next.config.mjs to 
protect your application from malicious users.
At line:1 char:1
+ & "C:\Program Files\nodejs/node.exe" "C:\Program Files\nodejs/node_mo ...
+ ~~~~~~~~~~~~~~~~~~~~~~~~~~~~~~~~~~~~~~~~~~~~~~~~~~~~~~~~~~~~~~~~~~~~~
    + CategoryInfo          : NotSpecified: (ÔÜá `images.dom...alicious users.:String) [], RemoteException
    + FullyQualifiedErrorId : NativeCommandError
 
ÔÜá Warning: Next.js inferred your workspace root, but it may not be correct.
 We detected multiple lockfiles and selected the directory of C:\Users\pc\package-lock.json as the root directory.
 To silence this warning, set `turbopack.root` in your Next.js config, or consider removing one of the lockfiles if 
it's not needed.
   See https://nextjs.org/docs/app/api-reference/config/next-config-js/turbopack#root-directory for more information.
 Detected additional lockfiles: 
   * C:\Users\pc\Desktop\DOC\Doctor_ERP\package-lock.json

Ôû▓ Next.js 16.2.4 (Turbopack)
- Environments: .env

  Creating an optimized production build ...

> Build error occurred
Error: Turbopack build failed with 1 errors:
./Desktop/DOC/Doctor_ERP/src/app/doctor-dashboard/patients/page.jsx:771:6
Unterminated regexp literal
  [90m769 |[0m         />
  [90m770 |[0m       </div>
[31m[1m>[0m [90m771 |[0m     </div>
  [90m    |[0m      [31m[1m^^^^^[0m
  [90m772 |[0m   );
  [90m773 |[0m };
  [90m774 |[0m

Parsing ecmascript source code failed


    at <unknown> (./Desktop/DOC/Doctor_ERP/src/app/doctor-dashboard/patients/page.jsx:771:6)
